{"names":[{"submittedName":"Dionaea muscipula\n","acceptedName":"","score":0,"matchedName":"","annotations":{},"uri":""},{"submittedName":"Wolffia angusta\n","acceptedName":"","score":0,"matchedName":"","annotations":{},"uri":""},{"submittedName":"Lithops julii\n","acceptedName":"","score":0,"matchedName":"","annotations":{},"uri":""},{"submittedName":"Welwitschia mirabilis\n","acceptedName":"","score":0,"matchedName":"","annotations":{},"uri":""},{"submittedName":"Victoria amazonica\n","acceptedName":"","score":0,"matchedName":"","annotations":{},"uri":""},{"submittedName":"Hydnora africana\n","acceptedName":"","score":0,"matchedName":"","annotations":{},"uri":""},{"submittedName":"Nepenthes ephippiata\n","acceptedName":"","score":0,"matchedName":"","annotations":{},"uri":""},{"submittedName":"Dracunculus vulgaris\n","acceptedName":"","score":0,"matchedName":"","annotations":{},"uri":""},{"submittedName":"Rafflesia arnoldii\n","acceptedName":"","score":0,"matchedName":"","annotations":{},"uri":""},{"submittedName":"Amorphophallus titanum\n","acceptedName":"","score":0,"matchedName":"","annotations":{},"uri":""},{"submittedName":"Iris confusa\n","acceptedName":"","score":0,"matchedName":"","annotations":{},"uri":""},{"submittedName":"Iris cristata\n","acceptedName":"","score":0,"matchedName":"","annotations":{},"uri":""},{"submittedName":"Iris gracilipes A.Gray\n","acceptedName":"","score":0,"matchedName":"","annotations":{},"uri":""},{"submittedName":"Iris japonica Thunb.\n","acceptedName":"","score":0,"matchedName":"","annotations":{},"uri":""},{"submittedName":"Iris lacustris \n","acceptedName":"","score":0,"matchedName":"","annotations":{},"uri":""},{"submittedName":"Iris milesii\n","acceptedName":"","score":0,"matchedName":"","annotations":{},"uri":""},{"submittedName":"Iris milesii Foster\n","acceptedName":"","score":0,"matchedName":"","annotations":{},"uri":""},{"submittedName":"Iris tectorum Maxim.\n","acceptedName":"","score":0,"matchedName":"","annotations":{},"uri":""},{"submittedName":"Iris tenuis S.Wats.\n","acceptedName":"","score":0,"matchedName":"","annotations":{},"uri":""},{"submittedName":"Iris wattii Baker ex Hook.f.\n","acceptedName":"","score":0,"matchedName":"","annotations":{},"uri":""},{"submittedName":"Iris xiphium var. lusitanica\n","acceptedName":"","score":0,"matchedName":"","annotations":{},"uri":""},{"submittedName":"Iris boissieri Henriq\n","acceptedName":"","score":0,"matchedName":"","annotations":{},"uri":""},{"submittedName":"Iris filifolia Boiss.\n","acceptedName":"","score":0,"matchedName":"","annotations":{},"uri":""},{"submittedName":"Iris juncea Poir.\n","acceptedName":"","score":0,"matchedName":"","annotations":{},"uri":""},{"submittedName":"Iris latifolia\n","acceptedName":"","score":0,"matchedName":"","annotations":{},"uri":""},{"submittedName":"Iris serotina Willk. in Willk. & Lange\n","acceptedName":"","score":0,"matchedName":"","annotations":{},"uri":""},{"submittedName":"Iris tingitana Boiss. & Reut.\n","acceptedName":"","score":0,"matchedName":"","annotations":{},"uri":""},{"submittedName":"Iris xiphium syn. Iris x hollandica\n","acceptedName":"","score":0,"matchedName":"","annotations":{},"uri":""},{"submittedName":"Iris collettii Hook.\n","acceptedName":"","score":0,"matchedName":"","annotations":{},"uri":""},{"submittedName":"Iris decora Wall.\n","acceptedName":"","score":0,"matchedName":"","annotations":{},"uri":""}],"status":200,"errorMessage":""}